// Jest Snapshot v1, https://goo.gl/fbAQLP

exports[`Footer component renders the UI as expected 1`] = `
<footer>
  <section>
    <h6>
      Copyrights Â© Yusuf Alp 
      2020
    </h6>
    <a
      className="social"
      href="https://www.linkedin.com/in/yusuf-alp/"
    >
      Linkedin
    </a>
    <a
      className="social"
      href="https://github.com/yusufalp"
    >
      Github
    </a>
    <a
      className="social"
      href="mailto:alpyusuf007@gmail.com"
    >
      Email
    </a>
  </section>
  <div
    id="attribute"
  >
    Icons made by 
    <a
      href="http://www.freepik.com/"
      title="Freepik"
    >
      Freepik
    </a>
     from 
    <a
      href="https://www.flaticon.com/"
      title="Flaticon"
    >
      www.flaticon.com
    </a>
  </div>
</footer>
`;
